#! /foss/tools/iverilog/bin/vvp
:ivl_version "13.0 (devel)" "(s20250103-26-gb0c57ab1-dirty)";
:ivl_delay_selection "TYPICAL";
:vpi_time_precision - 12;
:vpi_module "/foss/tools/iverilog/lib/ivl/system.vpi";
:vpi_module "/foss/tools/iverilog/lib/ivl/vhdl_sys.vpi";
:vpi_module "/foss/tools/iverilog/lib/ivl/vhdl_textio.vpi";
:vpi_module "/foss/tools/iverilog/lib/ivl/v2005_math.vpi";
:vpi_module "/foss/tools/iverilog/lib/ivl/va_math.vpi";
:vpi_module "/foss/tools/iverilog/lib/ivl/v2009.vpi";
S_0x55b64abb3c10 .scope package, "$unit" "$unit" 2 1;
 .timescale 0 0;
enum0x55b64ab57250 .enum2/s (32)
   "INPUT" 0,
   "DETERMINANT" 1,
   "SCALING" 2,
   "Z_VALUE" 3,
   "PASS_ONWARD" 4,
   "AWAIT_RESPONSE" 5
 ;
enum0x55b64ab57c80 .enum2/s (32)
   "IDLE" 0,
   "FLUSHING" 1,
   "PROCESS" 2
 ;
S_0x55b64abb3910 .scope module, "tb_axi_fifo" "tb_axi_fifo" 3 3;
 .timescale -9 -12;
P_0x55b64ab6cc40 .param/l "PERIOD" 1 3 29, +C4<00000000000000000000000000001010>;
v0x55b64ac337a0_0 .var "clk", 0 0;
v0x55b64ac33860_0 .var "count_16", 63 0;
v0x55b64ac33940_0 .var "count_64", 63 0;
v0x55b64ac33a00_0 .var "count_8", 63 0;
v0x55b64ac33ae0_0 .var "data_in1", 63 0;
v0x55b64ac33bf0_0 .var "data_in2", 7 0;
v0x55b64ac33c90_0 .var "data_in3", 15 0;
v0x55b64ac33d60_0 .net "data_out1", 63 0, v0x55b64abb88b0_0;  1 drivers
v0x55b64ac33e30_0 .net "data_out2", 7 0, v0x55b64ac30760_0;  1 drivers
v0x55b64ac33f90_0 .net "data_out3", 15 0, v0x55b64ac31de0_0;  1 drivers
v0x55b64ac34060_0 .var/queue "fifo_16", 16;
v0x55b64ac34100_0 .var/queue "fifo_64", 64;
v0x55b64ac341a0_0 .var/queue "fifo_8", 8;
v0x55b64ac34240_0 .net "rdy_in1", 0 0, v0x55b64ac2f300_0;  1 drivers
v0x55b64ac34310_0 .net "rdy_in2", 0 0, v0x55b64ac30970_0;  1 drivers
v0x55b64ac343e0_0 .net "rdy_in3", 0 0, v0x55b64ac31ff0_0;  1 drivers
v0x55b64ac344b0_0 .var "rdy_out1", 0 0;
v0x55b64ac34690_0 .var "rdy_out2", 0 0;
v0x55b64ac34760_0 .var "rdy_out3", 0 0;
v0x55b64ac34830_0 .var "rst_n", 0 0;
v0x55b64ac348d0_0 .var "vld_in1", 0 0;
v0x55b64ac349a0_0 .var "vld_in2", 0 0;
v0x55b64ac34a70_0 .var "vld_in3", 0 0;
v0x55b64ac34b40_0 .net "vld_out1", 0 0, v0x55b64ac2f6e0_0;  1 drivers
v0x55b64ac34c10_0 .net "vld_out2", 0 0, v0x55b64ac30d10_0;  1 drivers
v0x55b64ac34ce0_0 .net "vld_out3", 0 0, v0x55b64ac323b0_0;  1 drivers
E_0x55b64ab33040 .event negedge, v0x55b64ac00990_0;
S_0x55b64aba7ba0 .scope module, "fifo1" "axi_fifo" 3 43, 4 2 0, S_0x55b64abb3910;
 .timescale 0 0;
    .port_info 0 /INPUT 1 "clk";
    .port_info 1 /INPUT 1 "rst_n";
    .port_info 2 /INPUT 1 "rdy_out";
    .port_info 3 /INPUT 1 "vld_in";
    .port_info 4 /INPUT 64 "data_in";
    .port_info 5 /OUTPUT 64 "data_out";
    .port_info 6 /OUTPUT 1 "rdy_in";
    .port_info 7 /OUTPUT 1 "vld_out";
P_0x55b64ac0ef10 .param/l "COUNT_WIDTH" 1 4 19, +C4<000000000000000000000000000000011>;
P_0x55b64ac0ef50 .param/l "DEPTH" 0 4 5, +C4<00000000000000000000000000000101>;
P_0x55b64ac0ef90 .param/l "PTR_WIDTH" 0 4 6, +C4<00000000000000000000000000000011>;
P_0x55b64ac0efd0 .param/l "WIDTH" 0 4 4, +C4<00000000000000000000000001000000>;
v0x55b64ac00690 .array "buffer", 4 0, 63 0;
v0x55b64ac00990_0 .net "clk", 0 0, v0x55b64ac337a0_0;  1 drivers
v0x55b64ac0e870_0 .var "count", 3 0;
v0x55b64ac0b090_0 .net "data_in", 63 0, v0x55b64ac33ae0_0;  1 drivers
v0x55b64abb88b0_0 .var "data_out", 63 0;
v0x55b64ac2f220_0 .var "next_read_ptr", 3 0;
v0x55b64ac2f300_0 .var "rdy_in", 0 0;
v0x55b64ac2f3c0_0 .net "rdy_out", 0 0, v0x55b64ac344b0_0;  1 drivers
v0x55b64ac2f480_0 .var "read_ptr", 3 0;
v0x55b64ac2f560_0 .net "rst_n", 0 0, v0x55b64ac34830_0;  1 drivers
v0x55b64ac2f620_0 .net "vld_in", 0 0, v0x55b64ac348d0_0;  1 drivers
v0x55b64ac2f6e0_0 .var "vld_out", 0 0;
v0x55b64ac2f7a0_0 .var "write_ptr", 3 0;
E_0x55b64ab6bbe0 .event posedge, v0x55b64ac00990_0;
E_0x55b64ab6cc00 .event anyedge, v0x55b64ac0e870_0;
S_0x55b64abd8510 .scope function.vec4.s4, "next_ptr_index" "next_ptr_index" 4 79, 4 79 0, S_0x55b64aba7ba0;
 .timescale 0 0;
; Variable next_ptr_index is vec4 return value of scope S_0x55b64abd8510
v0x55b64abff330_0 .var "ptr", 3 0;
TD_tb_axi_fifo.fifo1.next_ptr_index ;
    %load/vec4 v0x55b64abff330_0;
    %pad/u 32;
    %cmpi/u 4, 0, 32;
    %flag_inv 5; GE is !LT
    %jmp/0xz  T_0.0, 5;
    %pushi/vec4 0, 0, 4;
    %ret/vec4 0, 0, 4;  Assign to next_ptr_index (store_vec4_to_lval)
    %disable/flow S_0x55b64abd8510;
    %jmp T_0.1;
T_0.0 ;
    %load/vec4 v0x55b64abff330_0;
    %addi 1, 0, 4;
    %ret/vec4 0, 0, 4;  Assign to next_ptr_index (store_vec4_to_lval)
    %disable/flow S_0x55b64abd8510;
T_0.1 ;
    %end;
S_0x55b64ac2f980 .scope module, "fifo2" "axi_fifo" 3 55, 4 2 0, S_0x55b64abb3910;
 .timescale 0 0;
    .port_info 0 /INPUT 1 "clk";
    .port_info 1 /INPUT 1 "rst_n";
    .port_info 2 /INPUT 1 "rdy_out";
    .port_info 3 /INPUT 1 "vld_in";
    .port_info 4 /INPUT 8 "data_in";
    .port_info 5 /OUTPUT 8 "data_out";
    .port_info 6 /OUTPUT 1 "rdy_in";
    .port_info 7 /OUTPUT 1 "vld_out";
P_0x55b64ac2fb30 .param/l "COUNT_WIDTH" 1 4 19, +C4<000000000000000000000000000000011>;
P_0x55b64ac2fb70 .param/l "DEPTH" 0 4 5, +C4<00000000000000000000000000000100>;
P_0x55b64ac2fbb0 .param/l "PTR_WIDTH" 0 4 6, +C4<00000000000000000000000000000010>;
P_0x55b64ac2fbf0 .param/l "WIDTH" 0 4 4, +C4<00000000000000000000000000001000>;
v0x55b64ac30400 .array "buffer", 3 0, 7 0;
v0x55b64ac304e0_0 .net "clk", 0 0, v0x55b64ac337a0_0;  alias, 1 drivers
v0x55b64ac305d0_0 .var "count", 3 0;
v0x55b64ac306a0_0 .net "data_in", 7 0, v0x55b64ac33bf0_0;  1 drivers
v0x55b64ac30760_0 .var "data_out", 7 0;
v0x55b64ac30890_0 .var "next_read_ptr", 2 0;
v0x55b64ac30970_0 .var "rdy_in", 0 0;
v0x55b64ac30a30_0 .net "rdy_out", 0 0, v0x55b64ac34690_0;  1 drivers
v0x55b64ac30af0_0 .var "read_ptr", 2 0;
v0x55b64ac30bd0_0 .net "rst_n", 0 0, v0x55b64ac34830_0;  alias, 1 drivers
v0x55b64ac30c70_0 .net "vld_in", 0 0, v0x55b64ac349a0_0;  1 drivers
v0x55b64ac30d10_0 .var "vld_out", 0 0;
v0x55b64ac30dd0_0 .var "write_ptr", 2 0;
E_0x55b64ab6dd10 .event anyedge, v0x55b64ac305d0_0;
S_0x55b64ac30020 .scope function.vec4.s3, "next_ptr_index" "next_ptr_index" 4 79, 4 79 0, S_0x55b64ac2f980;
 .timescale 0 0;
; Variable next_ptr_index is vec4 return value of scope S_0x55b64ac30020
v0x55b64ac30320_0 .var "ptr", 2 0;
TD_tb_axi_fifo.fifo2.next_ptr_index ;
    %load/vec4 v0x55b64ac30320_0;
    %pad/u 32;
    %cmpi/u 3, 0, 32;
    %flag_inv 5; GE is !LT
    %jmp/0xz  T_1.2, 5;
    %pushi/vec4 0, 0, 3;
    %ret/vec4 0, 0, 3;  Assign to next_ptr_index (store_vec4_to_lval)
    %disable/flow S_0x55b64ac30020;
    %jmp T_1.3;
T_1.2 ;
    %load/vec4 v0x55b64ac30320_0;
    %addi 1, 0, 3;
    %ret/vec4 0, 0, 3;  Assign to next_ptr_index (store_vec4_to_lval)
    %disable/flow S_0x55b64ac30020;
T_1.3 ;
    %end;
S_0x55b64ac30fb0 .scope module, "fifo3" "axi_fifo" 3 67, 4 2 0, S_0x55b64abb3910;
 .timescale 0 0;
    .port_info 0 /INPUT 1 "clk";
    .port_info 1 /INPUT 1 "rst_n";
    .port_info 2 /INPUT 1 "rdy_out";
    .port_info 3 /INPUT 1 "vld_in";
    .port_info 4 /INPUT 16 "data_in";
    .port_info 5 /OUTPUT 16 "data_out";
    .port_info 6 /OUTPUT 1 "rdy_in";
    .port_info 7 /OUTPUT 1 "vld_out";
P_0x55b64ac31170 .param/l "COUNT_WIDTH" 1 4 19, +C4<000000000000000000000000000000011>;
P_0x55b64ac311b0 .param/l "DEPTH" 0 4 5, +C4<00000000000000000000000000001000>;
P_0x55b64ac311f0 .param/l "PTR_WIDTH" 0 4 6, +C4<00000000000000000000000000000011>;
P_0x55b64ac31230 .param/l "WIDTH" 0 4 4, +C4<00000000000000000000000000010000>;
v0x55b64ac31a70 .array "buffer", 7 0, 15 0;
v0x55b64ac31b50_0 .net "clk", 0 0, v0x55b64ac337a0_0;  alias, 1 drivers
v0x55b64ac31c60_0 .var "count", 3 0;
v0x55b64ac31d00_0 .net "data_in", 15 0, v0x55b64ac33c90_0;  1 drivers
v0x55b64ac31de0_0 .var "data_out", 15 0;
v0x55b64ac31f10_0 .var "next_read_ptr", 3 0;
v0x55b64ac31ff0_0 .var "rdy_in", 0 0;
v0x55b64ac320b0_0 .net "rdy_out", 0 0, v0x55b64ac34760_0;  1 drivers
v0x55b64ac32170_0 .var "read_ptr", 3 0;
v0x55b64ac32250_0 .net "rst_n", 0 0, v0x55b64ac34830_0;  alias, 1 drivers
v0x55b64ac322f0_0 .net "vld_in", 0 0, v0x55b64ac34a70_0;  1 drivers
v0x55b64ac323b0_0 .var "vld_out", 0 0;
v0x55b64ac32470_0 .var "write_ptr", 3 0;
E_0x55b64ab757e0 .event anyedge, v0x55b64ac31c60_0;
S_0x55b64ac31690 .scope function.vec4.s4, "next_ptr_index" "next_ptr_index" 4 79, 4 79 0, S_0x55b64ac30fb0;
 .timescale 0 0;
; Variable next_ptr_index is vec4 return value of scope S_0x55b64ac31690
v0x55b64ac31990_0 .var "ptr", 3 0;
TD_tb_axi_fifo.fifo3.next_ptr_index ;
    %load/vec4 v0x55b64ac31990_0;
    %pad/u 32;
    %cmpi/u 7, 0, 32;
    %flag_inv 5; GE is !LT
    %jmp/0xz  T_2.4, 5;
    %pushi/vec4 0, 0, 4;
    %ret/vec4 0, 0, 4;  Assign to next_ptr_index (store_vec4_to_lval)
    %disable/flow S_0x55b64ac31690;
    %jmp T_2.5;
T_2.4 ;
    %load/vec4 v0x55b64ac31990_0;
    %addi 1, 0, 4;
    %ret/vec4 0, 0, 4;  Assign to next_ptr_index (store_vec4_to_lval)
    %disable/flow S_0x55b64ac31690;
T_2.5 ;
    %end;
S_0x55b64ac326a0 .scope autotask, "pop_and_check" "pop_and_check" 3 144, 3 144 0, S_0x55b64abb3910;
 .timescale -9 -12;
v0x55b64ac32b30_0 .var/2s "id", 31 0;
v0x55b64ac32c30_0 .var/2s "n", 31 0;
TD_tb_axi_fifo.pop_and_check ;
    %fork t_1, S_0x55b64ac32830;
    %jmp t_0;
    .scope S_0x55b64ac32830;
t_1 ;
    %pushi/vec4 0, 0, 32;
    %store/vec4 v0x55b64ac32a30_0, 0, 32;
T_3.6 ; Top of for-loop
    %load/vec4 v0x55b64ac32a30_0;
    %load/vec4 v0x55b64ac32c30_0;
    %cmp/s;
	  %jmp/0xz T_3.7, 5;
    %load/vec4 v0x55b64ac32b30_0;
    %dup/vec4;
    %pushi/vec4 1, 0, 32;
    %cmp/u;
    %jmp/1 T_3.9, 6;
    %dup/vec4;
    %pushi/vec4 2, 0, 32;
    %cmp/u;
    %jmp/1 T_3.10, 6;
    %dup/vec4;
    %pushi/vec4 3, 0, 32;
    %cmp/u;
    %jmp/1 T_3.11, 6;
    %jmp T_3.12;
T_3.9 ;
    %load/vec4 v0x55b64ac34b40_0;
    %flag_set/vec4 8;
    %jmp/0xz  T_3.13, 8;
    %jmp T_3.14;
T_3.13 ;
    %vpi_call/w 3 154 "$error", "FIFO1 underflow on pop #%0d", v0x55b64ac32a30_0 {0 0 0};
T_3.14 ;
    %load/vec4 v0x55b64ac33d60_0;
    %ix/getv 3, v0x55b64ac33940_0;
    %load/dar/vec4 v0x55b64ac34100_0;
    %cmp/e;
    %jmp/0xz  T_3.15, 4;
    %jmp T_3.16;
T_3.15 ;
    %ix/getv 3, v0x55b64ac33940_0;
    %load/dar/vec4 v0x55b64ac34100_0;
    %vpi_call/w 3 156 "$error", "FIFO1 data mismatch: got %h, expected %h", v0x55b64ac33d60_0, S<0,vec4,u64> {1 0 0};
T_3.16 ;
    ; show_stmt_assign_vector: Get l-value for compressed += operand
    %load/vec4 v0x55b64ac33940_0;
    %pushi/vec4 1, 0, 64;
    %add;
    %store/vec4 v0x55b64ac33940_0, 0, 64;
    %wait E_0x55b64ab6bbe0;
    %pushi/vec4 1, 0, 1;
    %store/vec4 v0x55b64ac344b0_0, 0, 1;
    %wait E_0x55b64ab6bbe0;
    %pushi/vec4 0, 0, 1;
    %store/vec4 v0x55b64ac344b0_0, 0, 1;
    %jmp T_3.12;
T_3.10 ;
    %load/vec4 v0x55b64ac34c10_0;
    %flag_set/vec4 8;
    %jmp/0xz  T_3.17, 8;
    %jmp T_3.18;
T_3.17 ;
    %vpi_call/w 3 166 "$error", "FIFO2 underflow on pop #%0d", v0x55b64ac32a30_0 {0 0 0};
T_3.18 ;
    %load/vec4 v0x55b64ac33e30_0;
    %ix/getv 3, v0x55b64ac33a00_0;
    %load/dar/vec4 v0x55b64ac341a0_0;
    %cmp/e;
    %jmp/0xz  T_3.19, 4;
    %jmp T_3.20;
T_3.19 ;
    %ix/getv 3, v0x55b64ac33a00_0;
    %load/dar/vec4 v0x55b64ac341a0_0;
    %vpi_call/w 3 168 "$error", "FIFO2 data mismatch: got %h, expected %h", v0x55b64ac33e30_0, S<0,vec4,u8> {1 0 0};
T_3.20 ;
    ; show_stmt_assign_vector: Get l-value for compressed += operand
    %load/vec4 v0x55b64ac33a00_0;
    %pushi/vec4 1, 0, 64;
    %add;
    %store/vec4 v0x55b64ac33a00_0, 0, 64;
    %wait E_0x55b64ab6bbe0;
    %pushi/vec4 1, 0, 1;
    %store/vec4 v0x55b64ac34690_0, 0, 1;
    %wait E_0x55b64ab6bbe0;
    %pushi/vec4 0, 0, 1;
    %store/vec4 v0x55b64ac34690_0, 0, 1;
    %jmp T_3.12;
T_3.11 ;
    %load/vec4 v0x55b64ac34ce0_0;
    %flag_set/vec4 8;
    %jmp/0xz  T_3.21, 8;
    %jmp T_3.22;
T_3.21 ;
    %vpi_call/w 3 178 "$error", "FIFO3 underflow on pop #%0d", v0x55b64ac32a30_0 {0 0 0};
T_3.22 ;
    %load/vec4 v0x55b64ac33f90_0;
    %ix/getv 3, v0x55b64ac33860_0;
    %load/dar/vec4 v0x55b64ac34060_0;
    %cmp/e;
    %jmp/0xz  T_3.23, 4;
    %jmp T_3.24;
T_3.23 ;
    %ix/getv 3, v0x55b64ac33860_0;
    %load/dar/vec4 v0x55b64ac34060_0;
    %vpi_call/w 3 180 "$error", "FIFO3 data mismatch: got %h, expected %h", v0x55b64ac33f90_0, S<0,vec4,u16> {1 0 0};
T_3.24 ;
    ; show_stmt_assign_vector: Get l-value for compressed += operand
    %load/vec4 v0x55b64ac33860_0;
    %pushi/vec4 1, 0, 64;
    %add;
    %store/vec4 v0x55b64ac33860_0, 0, 64;
    %wait E_0x55b64ab6bbe0;
    %pushi/vec4 1, 0, 1;
    %store/vec4 v0x55b64ac34760_0, 0, 1;
    %wait E_0x55b64ab6bbe0;
    %pushi/vec4 0, 0, 1;
    %store/vec4 v0x55b64ac34760_0, 0, 1;
    %jmp T_3.12;
T_3.12 ;
    %pop/vec4 1;
T_3.8 ; for-loop step statement
    ; show_stmt_assign_vector: Get l-value for compressed += operand
    %load/vec4 v0x55b64ac32a30_0;
    %pushi/vec4 1, 0, 32;
    %add;
    %cast2;
    %store/vec4 v0x55b64ac32a30_0, 0, 32;
    %jmp T_3.6;
T_3.7 ; for-loop exit label
    %end;
    .scope S_0x55b64ac326a0;
t_0 %join;
    %end;
S_0x55b64ac32830 .scope autobegin, "$unm_blk_82" "$unm_blk_82" 3 147, 3 147 0, S_0x55b64ac326a0;
 .timescale -9 -12;
v0x55b64ac32a30_0 .var/2s "i", 31 0;
S_0x55b64ac32d10 .scope autotask, "push_words" "push_words" 3 95, 3 95 0, S_0x55b64abb3910;
 .timescale -9 -12;
v0x55b64ac335c0_0 .var/2s "id", 31 0;
v0x55b64ac336c0_0 .var/2s "n", 31 0;
TD_tb_axi_fifo.push_words ;
    %fork t_3, S_0x55b64ac32f40;
    %jmp t_2;
    .scope S_0x55b64ac32f40;
t_3 ;
    %pushi/vec4 0, 0, 32;
    %store/vec4 v0x55b64ac33340_0, 0, 32;
T_4.25 ; Top of for-loop
    %load/vec4 v0x55b64ac33340_0;
    %load/vec4 v0x55b64ac336c0_0;
    %cmp/s;
	  %jmp/0xz T_4.26, 5;
    %load/vec4 v0x55b64ac335c0_0;
    %dup/vec4;
    %pushi/vec4 1, 0, 32;
    %cmp/u;
    %jmp/1 T_4.28, 6;
    %dup/vec4;
    %pushi/vec4 2, 0, 32;
    %cmp/u;
    %jmp/1 T_4.29, 6;
    %dup/vec4;
    %pushi/vec4 3, 0, 32;
    %cmp/u;
    %jmp/1 T_4.30, 6;
    %jmp T_4.31;
T_4.28 ;
T_4.32 ;
    %load/vec4 v0x55b64ac34240_0;
    %cmpi/ne 1, 0, 1;
    %jmp/0xz T_4.33, 6;
    %wait E_0x55b64ac331e0;
    %jmp T_4.32;
T_4.33 ;
    %vpi_func 3 108 "$urandom" 32 {0 0 0};
    %vpi_func 3 108 "$urandom" 32 {0 0 0};
    %concat/vec4; draw_concat_vec4
    %store/vec4 v0x55b64ac33240_0, 0, 64;
    %ix/load 4, 0, 0;
    %load/vec4 v0x55b64ac33240_0;
    %store/qb/v v0x55b64ac34100_0, 4, 64;
    %wait E_0x55b64ab6bbe0;
    %vpi_func 3 111 "$high" 32, v0x55b64ac34100_0 {0 0 0};
    %ix/vec4/s 3;
    %load/dar/vec4 v0x55b64ac34100_0;
    %store/vec4 v0x55b64ac33ae0_0, 0, 64;
    %pushi/vec4 1, 0, 1;
    %store/vec4 v0x55b64ac348d0_0, 0, 1;
    %wait E_0x55b64ab6bbe0;
    %pushi/vec4 0, 0, 1;
    %store/vec4 v0x55b64ac348d0_0, 0, 1;
    %jmp T_4.31;
T_4.29 ;
T_4.34 ;
    %load/vec4 v0x55b64ac34310_0;
    %cmpi/ne 1, 0, 1;
    %jmp/0xz T_4.35, 6;
    %wait E_0x55b64ac33180;
    %jmp T_4.34;
T_4.35 ;
    %load/vec4 v0x55b64ac33240_0;
    %parti/s 8, 0, 2;
    %store/vec4 v0x55b64ac334e0_0, 0, 8;
    %ix/load 4, 0, 0;
    %load/vec4 v0x55b64ac334e0_0;
    %store/qb/v v0x55b64ac341a0_0, 4, 8;
    %wait E_0x55b64ab6bbe0;
    %vpi_func 3 122 "$high" 32, v0x55b64ac341a0_0 {0 0 0};
    %ix/vec4/s 3;
    %load/dar/vec4 v0x55b64ac341a0_0;
    %store/vec4 v0x55b64ac33bf0_0, 0, 8;
    %pushi/vec4 1, 0, 1;
    %store/vec4 v0x55b64ac349a0_0, 0, 1;
    %wait E_0x55b64ab6bbe0;
    %pushi/vec4 0, 0, 1;
    %store/vec4 v0x55b64ac349a0_0, 0, 1;
    %jmp T_4.31;
T_4.30 ;
T_4.36 ;
    %load/vec4 v0x55b64ac343e0_0;
    %cmpi/ne 1, 0, 1;
    %jmp/0xz T_4.37, 6;
    %wait E_0x55b64ab56ca0;
    %jmp T_4.36;
T_4.37 ;
    %load/vec4 v0x55b64ac33240_0;
    %parti/s 16, 0, 2;
    %store/vec4 v0x55b64ac33420_0, 0, 16;
    %ix/load 4, 0, 0;
    %load/vec4 v0x55b64ac33420_0;
    %store/qb/v v0x55b64ac34060_0, 4, 16;
    %wait E_0x55b64ab6bbe0;
    %vpi_func 3 133 "$high" 32, v0x55b64ac34060_0 {0 0 0};
    %ix/vec4/s 3;
    %load/dar/vec4 v0x55b64ac34060_0;
    %store/vec4 v0x55b64ac33c90_0, 0, 16;
    %pushi/vec4 1, 0, 1;
    %store/vec4 v0x55b64ac34a70_0, 0, 1;
    %wait E_0x55b64ab6bbe0;
    %pushi/vec4 0, 0, 1;
    %store/vec4 v0x55b64ac34a70_0, 0, 1;
    %jmp T_4.31;
T_4.31 ;
    %pop/vec4 1;
T_4.27 ; for-loop step statement
    ; show_stmt_assign_vector: Get l-value for compressed += operand
    %load/vec4 v0x55b64ac33340_0;
    %pushi/vec4 1, 0, 32;
    %add;
    %cast2;
    %store/vec4 v0x55b64ac33340_0, 0, 32;
    %jmp T_4.25;
T_4.26 ; for-loop exit label
    %end;
    .scope S_0x55b64ac32d10;
t_2 %join;
    %end;
S_0x55b64ac32f40 .scope autobegin, "$unm_blk_77" "$unm_blk_77" 3 98, 3 98 0, S_0x55b64ac32d10;
 .timescale -9 -12;
v0x55b64ac33240_0 .var "big_rand", 63 0;
v0x55b64ac33340_0 .var/2s "i", 31 0;
v0x55b64ac33420_0 .var "med_rand", 15 0;
v0x55b64ac334e0_0 .var "small_rand", 7 0;
E_0x55b64ab56ca0 .event anyedge, v0x55b64ac31ff0_0;
E_0x55b64ac33180 .event anyedge, v0x55b64ac30970_0;
E_0x55b64ac331e0 .event anyedge, v0x55b64ac2f300_0;
    .scope S_0x55b64aba7ba0;
T_5 ;
    %pushi/vec4 0, 0, 4;
    %store/vec4 v0x55b64ac2f7a0_0, 0, 4;
    %pushi/vec4 0, 0, 4;
    %store/vec4 v0x55b64ac2f480_0, 0, 4;
    %pushi/vec4 0, 0, 4;
    %store/vec4 v0x55b64ac0e870_0, 0, 4;
    %ix/load 4, 0, 0;
    %flag_set/imm 4, 0;
    %load/vec4a v0x55b64ac00690, 4;
    %store/vec4 v0x55b64abb88b0_0, 0, 64;
    %end;
    .thread T_5;
    .scope S_0x55b64aba7ba0;
T_6 ;
Ewait_0 .event/or E_0x55b64ab6cc00, E_0x0;
    %wait Ewait_0;
    %load/vec4 v0x55b64ac0e870_0;
    %pad/u 32;
    %pushi/vec4 0, 0, 32;
    %cmp/e;
    %flag_get/vec4 4;
    %nor/r;
    %store/vec4 v0x55b64ac2f6e0_0, 0, 1;
    %load/vec4 v0x55b64ac0e870_0;
    %pad/u 32;
    %cmpi/u 5, 0, 32;
    %flag_get/vec4 5;
    %store/vec4 v0x55b64ac2f300_0, 0, 1;
    %jmp T_6;
    .thread T_6, $push;
    .scope S_0x55b64aba7ba0;
T_7 ;
    %wait E_0x55b64ab6bbe0;
    %load/vec4 v0x55b64ac2f560_0;
    %nor/r;
    %flag_set/vec4 8;
    %jmp/0xz  T_7.0, 8;
    %pushi/vec4 0, 0, 4;
    %assign/vec4 v0x55b64ac2f7a0_0, 0;
    %pushi/vec4 0, 0, 4;
    %assign/vec4 v0x55b64ac2f480_0, 0;
    %pushi/vec4 0, 0, 4;
    %assign/vec4 v0x55b64ac0e870_0, 0;
    %ix/load 4, 0, 0;
    %flag_set/imm 4, 0;
    %load/vec4a v0x55b64ac00690, 4;
    %assign/vec4 v0x55b64abb88b0_0, 0;
    %jmp T_7.1;
T_7.0 ;
    %load/vec4 v0x55b64ac2f620_0;
    %flag_set/vec4 9;
    %flag_get/vec4 9;
    %jmp/0 T_7.4, 9;
    %load/vec4 v0x55b64ac2f300_0;
    %and;
T_7.4;
    %flag_set/vec4 8;
    %jmp/0xz  T_7.2, 8;
    %load/vec4 v0x55b64ac0b090_0;
    %load/vec4 v0x55b64ac2f7a0_0;
    %parti/s 3, 0, 2;
    %pad/u 4;
    %ix/vec4 3;
    %ix/load 4, 0, 0; Constant delay
    %assign/vec4/a/d v0x55b64ac00690, 0, 4;
    %load/vec4 v0x55b64ac2f480_0;
    %parti/s 3, 0, 2;
    %pad/u 4;
    %ix/vec4 4;
    %load/vec4a v0x55b64ac00690, 4;
    %assign/vec4 v0x55b64abb88b0_0, 0;
    %load/vec4 v0x55b64ac2f7a0_0;
    %store/vec4 v0x55b64abff330_0, 0, 4;
    %callf/vec4 TD_tb_axi_fifo.fifo1.next_ptr_index, S_0x55b64abd8510;
    %assign/vec4 v0x55b64ac2f7a0_0, 0;
T_7.2 ;
    %load/vec4 v0x55b64ac2f3c0_0;
    %flag_set/vec4 8;
    %jmp/0xz  T_7.5, 8;
    %load/vec4 v0x55b64ac2f480_0;
    %store/vec4 v0x55b64abff330_0, 0, 4;
    %callf/vec4 TD_tb_axi_fifo.fifo1.next_ptr_index, S_0x55b64abd8510;
    %store/vec4 v0x55b64ac2f220_0, 0, 4;
    %load/vec4 v0x55b64ac2f220_0;
    %parti/s 3, 0, 2;
    %pad/u 4;
    %ix/vec4 4;
    %load/vec4a v0x55b64ac00690, 4;
    %assign/vec4 v0x55b64abb88b0_0, 0;
    %load/vec4 v0x55b64ac2f220_0;
    %assign/vec4 v0x55b64ac2f480_0, 0;
T_7.5 ;
    %load/vec4 v0x55b64ac2f620_0;
    %flag_set/vec4 11;
    %flag_get/vec4 11;
    %jmp/0 T_7.11, 11;
    %load/vec4 v0x55b64ac2f300_0;
    %and;
T_7.11;
    %flag_set/vec4 10;
    %flag_get/vec4 10;
    %jmp/0 T_7.10, 10;
    %load/vec4 v0x55b64ac2f6e0_0;
    %and;
T_7.10;
    %flag_set/vec4 9;
    %flag_get/vec4 9;
    %jmp/0 T_7.9, 9;
    %load/vec4 v0x55b64ac2f3c0_0;
    %and;
T_7.9;
    %flag_set/vec4 8;
    %jmp/0xz  T_7.7, 8;
    %load/vec4 v0x55b64ac0e870_0;
    %assign/vec4 v0x55b64ac0e870_0, 0;
    %jmp T_7.8;
T_7.7 ;
    %load/vec4 v0x55b64ac2f620_0;
    %flag_set/vec4 9;
    %flag_get/vec4 9;
    %jmp/0 T_7.14, 9;
    %load/vec4 v0x55b64ac2f300_0;
    %and;
T_7.14;
    %flag_set/vec4 8;
    %jmp/0xz  T_7.12, 8;
    %load/vec4 v0x55b64ac0e870_0;
    %addi 1, 0, 4;
    %assign/vec4 v0x55b64ac0e870_0, 0;
    %jmp T_7.13;
T_7.12 ;
    %load/vec4 v0x55b64ac2f6e0_0;
    %flag_set/vec4 9;
    %flag_get/vec4 9;
    %jmp/0 T_7.17, 9;
    %load/vec4 v0x55b64ac2f3c0_0;
    %and;
T_7.17;
    %flag_set/vec4 8;
    %jmp/0xz  T_7.15, 8;
    %load/vec4 v0x55b64ac0e870_0;
    %subi 1, 0, 4;
    %assign/vec4 v0x55b64ac0e870_0, 0;
T_7.15 ;
T_7.13 ;
T_7.8 ;
T_7.1 ;
    %jmp T_7;
    .thread T_7;
    .scope S_0x55b64ac2f980;
T_8 ;
    %pushi/vec4 0, 0, 3;
    %store/vec4 v0x55b64ac30dd0_0, 0, 3;
    %pushi/vec4 0, 0, 3;
    %store/vec4 v0x55b64ac30af0_0, 0, 3;
    %pushi/vec4 0, 0, 4;
    %store/vec4 v0x55b64ac305d0_0, 0, 4;
    %ix/load 4, 0, 0;
    %flag_set/imm 4, 0;
    %load/vec4a v0x55b64ac30400, 4;
    %store/vec4 v0x55b64ac30760_0, 0, 8;
    %end;
    .thread T_8;
    .scope S_0x55b64ac2f980;
T_9 ;
Ewait_1 .event/or E_0x55b64ab6dd10, E_0x0;
    %wait Ewait_1;
    %load/vec4 v0x55b64ac305d0_0;
    %pad/u 32;
    %pushi/vec4 0, 0, 32;
    %cmp/e;
    %flag_get/vec4 4;
    %nor/r;
    %store/vec4 v0x55b64ac30d10_0, 0, 1;
    %load/vec4 v0x55b64ac305d0_0;
    %pad/u 32;
    %cmpi/u 4, 0, 32;
    %flag_get/vec4 5;
    %store/vec4 v0x55b64ac30970_0, 0, 1;
    %jmp T_9;
    .thread T_9, $push;
    .scope S_0x55b64ac2f980;
T_10 ;
    %wait E_0x55b64ab6bbe0;
    %load/vec4 v0x55b64ac30bd0_0;
    %nor/r;
    %flag_set/vec4 8;
    %jmp/0xz  T_10.0, 8;
    %pushi/vec4 0, 0, 3;
    %assign/vec4 v0x55b64ac30dd0_0, 0;
    %pushi/vec4 0, 0, 3;
    %assign/vec4 v0x55b64ac30af0_0, 0;
    %pushi/vec4 0, 0, 4;
    %assign/vec4 v0x55b64ac305d0_0, 0;
    %ix/load 4, 0, 0;
    %flag_set/imm 4, 0;
    %load/vec4a v0x55b64ac30400, 4;
    %assign/vec4 v0x55b64ac30760_0, 0;
    %jmp T_10.1;
T_10.0 ;
    %load/vec4 v0x55b64ac30c70_0;
    %flag_set/vec4 9;
    %flag_get/vec4 9;
    %jmp/0 T_10.4, 9;
    %load/vec4 v0x55b64ac30970_0;
    %and;
T_10.4;
    %flag_set/vec4 8;
    %jmp/0xz  T_10.2, 8;
    %load/vec4 v0x55b64ac306a0_0;
    %load/vec4 v0x55b64ac30dd0_0;
    %parti/s 2, 0, 2;
    %pad/u 4;
    %ix/vec4 3;
    %ix/load 4, 0, 0; Constant delay
    %assign/vec4/a/d v0x55b64ac30400, 0, 4;
    %load/vec4 v0x55b64ac30af0_0;
    %parti/s 2, 0, 2;
    %pad/u 4;
    %ix/vec4 4;
    %load/vec4a v0x55b64ac30400, 4;
    %assign/vec4 v0x55b64ac30760_0, 0;
    %load/vec4 v0x55b64ac30dd0_0;
    %store/vec4 v0x55b64ac30320_0, 0, 3;
    %callf/vec4 TD_tb_axi_fifo.fifo2.next_ptr_index, S_0x55b64ac30020;
    %assign/vec4 v0x55b64ac30dd0_0, 0;
T_10.2 ;
    %load/vec4 v0x55b64ac30a30_0;
    %flag_set/vec4 8;
    %jmp/0xz  T_10.5, 8;
    %load/vec4 v0x55b64ac30af0_0;
    %store/vec4 v0x55b64ac30320_0, 0, 3;
    %callf/vec4 TD_tb_axi_fifo.fifo2.next_ptr_index, S_0x55b64ac30020;
    %store/vec4 v0x55b64ac30890_0, 0, 3;
    %load/vec4 v0x55b64ac30890_0;
    %parti/s 2, 0, 2;
    %pad/u 4;
    %ix/vec4 4;
    %load/vec4a v0x55b64ac30400, 4;
    %assign/vec4 v0x55b64ac30760_0, 0;
    %load/vec4 v0x55b64ac30890_0;
    %assign/vec4 v0x55b64ac30af0_0, 0;
T_10.5 ;
    %load/vec4 v0x55b64ac30c70_0;
    %flag_set/vec4 11;
    %flag_get/vec4 11;
    %jmp/0 T_10.11, 11;
    %load/vec4 v0x55b64ac30970_0;
    %and;
T_10.11;
    %flag_set/vec4 10;
    %flag_get/vec4 10;
    %jmp/0 T_10.10, 10;
    %load/vec4 v0x55b64ac30d10_0;
    %and;
T_10.10;
    %flag_set/vec4 9;
    %flag_get/vec4 9;
    %jmp/0 T_10.9, 9;
    %load/vec4 v0x55b64ac30a30_0;
    %and;
T_10.9;
    %flag_set/vec4 8;
    %jmp/0xz  T_10.7, 8;
    %load/vec4 v0x55b64ac305d0_0;
    %assign/vec4 v0x55b64ac305d0_0, 0;
    %jmp T_10.8;
T_10.7 ;
    %load/vec4 v0x55b64ac30c70_0;
    %flag_set/vec4 9;
    %flag_get/vec4 9;
    %jmp/0 T_10.14, 9;
    %load/vec4 v0x55b64ac30970_0;
    %and;
T_10.14;
    %flag_set/vec4 8;
    %jmp/0xz  T_10.12, 8;
    %load/vec4 v0x55b64ac305d0_0;
    %addi 1, 0, 4;
    %assign/vec4 v0x55b64ac305d0_0, 0;
    %jmp T_10.13;
T_10.12 ;
    %load/vec4 v0x55b64ac30d10_0;
    %flag_set/vec4 9;
    %flag_get/vec4 9;
    %jmp/0 T_10.17, 9;
    %load/vec4 v0x55b64ac30a30_0;
    %and;
T_10.17;
    %flag_set/vec4 8;
    %jmp/0xz  T_10.15, 8;
    %load/vec4 v0x55b64ac305d0_0;
    %subi 1, 0, 4;
    %assign/vec4 v0x55b64ac305d0_0, 0;
T_10.15 ;
T_10.13 ;
T_10.8 ;
T_10.1 ;
    %jmp T_10;
    .thread T_10;
    .scope S_0x55b64ac30fb0;
T_11 ;
    %pushi/vec4 0, 0, 4;
    %store/vec4 v0x55b64ac32470_0, 0, 4;
    %pushi/vec4 0, 0, 4;
    %store/vec4 v0x55b64ac32170_0, 0, 4;
    %pushi/vec4 0, 0, 4;
    %store/vec4 v0x55b64ac31c60_0, 0, 4;
    %ix/load 4, 0, 0;
    %flag_set/imm 4, 0;
    %load/vec4a v0x55b64ac31a70, 4;
    %store/vec4 v0x55b64ac31de0_0, 0, 16;
    %end;
    .thread T_11;
    .scope S_0x55b64ac30fb0;
T_12 ;
Ewait_2 .event/or E_0x55b64ab757e0, E_0x0;
    %wait Ewait_2;
    %load/vec4 v0x55b64ac31c60_0;
    %pad/u 32;
    %pushi/vec4 0, 0, 32;
    %cmp/e;
    %flag_get/vec4 4;
    %nor/r;
    %store/vec4 v0x55b64ac323b0_0, 0, 1;
    %load/vec4 v0x55b64ac31c60_0;
    %pad/u 32;
    %cmpi/u 8, 0, 32;
    %flag_get/vec4 5;
    %store/vec4 v0x55b64ac31ff0_0, 0, 1;
    %jmp T_12;
    .thread T_12, $push;
    .scope S_0x55b64ac30fb0;
T_13 ;
    %wait E_0x55b64ab6bbe0;
    %load/vec4 v0x55b64ac32250_0;
    %nor/r;
    %flag_set/vec4 8;
    %jmp/0xz  T_13.0, 8;
    %pushi/vec4 0, 0, 4;
    %assign/vec4 v0x55b64ac32470_0, 0;
    %pushi/vec4 0, 0, 4;
    %assign/vec4 v0x55b64ac32170_0, 0;
    %pushi/vec4 0, 0, 4;
    %assign/vec4 v0x55b64ac31c60_0, 0;
    %ix/load 4, 0, 0;
    %flag_set/imm 4, 0;
    %load/vec4a v0x55b64ac31a70, 4;
    %assign/vec4 v0x55b64ac31de0_0, 0;
    %jmp T_13.1;
T_13.0 ;
    %load/vec4 v0x55b64ac322f0_0;
    %flag_set/vec4 9;
    %flag_get/vec4 9;
    %jmp/0 T_13.4, 9;
    %load/vec4 v0x55b64ac31ff0_0;
    %and;
T_13.4;
    %flag_set/vec4 8;
    %jmp/0xz  T_13.2, 8;
    %load/vec4 v0x55b64ac31d00_0;
    %load/vec4 v0x55b64ac32470_0;
    %parti/s 3, 0, 2;
    %pad/u 5;
    %ix/vec4 3;
    %ix/load 4, 0, 0; Constant delay
    %assign/vec4/a/d v0x55b64ac31a70, 0, 4;
    %load/vec4 v0x55b64ac32170_0;
    %parti/s 3, 0, 2;
    %pad/u 5;
    %ix/vec4 4;
    %load/vec4a v0x55b64ac31a70, 4;
    %assign/vec4 v0x55b64ac31de0_0, 0;
    %load/vec4 v0x55b64ac32470_0;
    %store/vec4 v0x55b64ac31990_0, 0, 4;
    %callf/vec4 TD_tb_axi_fifo.fifo3.next_ptr_index, S_0x55b64ac31690;
    %assign/vec4 v0x55b64ac32470_0, 0;
T_13.2 ;
    %load/vec4 v0x55b64ac320b0_0;
    %flag_set/vec4 8;
    %jmp/0xz  T_13.5, 8;
    %load/vec4 v0x55b64ac32170_0;
    %store/vec4 v0x55b64ac31990_0, 0, 4;
    %callf/vec4 TD_tb_axi_fifo.fifo3.next_ptr_index, S_0x55b64ac31690;
    %store/vec4 v0x55b64ac31f10_0, 0, 4;
    %load/vec4 v0x55b64ac31f10_0;
    %parti/s 3, 0, 2;
    %pad/u 5;
    %ix/vec4 4;
    %load/vec4a v0x55b64ac31a70, 4;
    %assign/vec4 v0x55b64ac31de0_0, 0;
    %load/vec4 v0x55b64ac31f10_0;
    %assign/vec4 v0x55b64ac32170_0, 0;
T_13.5 ;
    %load/vec4 v0x55b64ac322f0_0;
    %flag_set/vec4 11;
    %flag_get/vec4 11;
    %jmp/0 T_13.11, 11;
    %load/vec4 v0x55b64ac31ff0_0;
    %and;
T_13.11;
    %flag_set/vec4 10;
    %flag_get/vec4 10;
    %jmp/0 T_13.10, 10;
    %load/vec4 v0x55b64ac323b0_0;
    %and;
T_13.10;
    %flag_set/vec4 9;
    %flag_get/vec4 9;
    %jmp/0 T_13.9, 9;
    %load/vec4 v0x55b64ac320b0_0;
    %and;
T_13.9;
    %flag_set/vec4 8;
    %jmp/0xz  T_13.7, 8;
    %load/vec4 v0x55b64ac31c60_0;
    %assign/vec4 v0x55b64ac31c60_0, 0;
    %jmp T_13.8;
T_13.7 ;
    %load/vec4 v0x55b64ac322f0_0;
    %flag_set/vec4 9;
    %flag_get/vec4 9;
    %jmp/0 T_13.14, 9;
    %load/vec4 v0x55b64ac31ff0_0;
    %and;
T_13.14;
    %flag_set/vec4 8;
    %jmp/0xz  T_13.12, 8;
    %load/vec4 v0x55b64ac31c60_0;
    %addi 1, 0, 4;
    %assign/vec4 v0x55b64ac31c60_0, 0;
    %jmp T_13.13;
T_13.12 ;
    %load/vec4 v0x55b64ac323b0_0;
    %flag_set/vec4 9;
    %flag_get/vec4 9;
    %jmp/0 T_13.17, 9;
    %load/vec4 v0x55b64ac320b0_0;
    %and;
T_13.17;
    %flag_set/vec4 8;
    %jmp/0xz  T_13.15, 8;
    %load/vec4 v0x55b64ac31c60_0;
    %subi 1, 0, 4;
    %assign/vec4 v0x55b64ac31c60_0, 0;
T_13.15 ;
T_13.13 ;
T_13.8 ;
T_13.1 ;
    %jmp T_13;
    .thread T_13;
    .scope S_0x55b64abb3910;
T_14 ;
    %pushi/vec4 0, 0, 1;
    %store/vec4 v0x55b64ac337a0_0, 0, 1;
T_14.0 ;
    %delay 5000, 0;
    %load/vec4 v0x55b64ac337a0_0;
    %inv;
    %store/vec4 v0x55b64ac337a0_0, 0, 1;
    %jmp T_14.0;
T_14.1 ;
    %end;
    .thread T_14;
    .scope S_0x55b64abb3910;
T_15 ;
    %vpi_call/w 3 38 "$dumpfile", "tb_axi_fifo.vcd" {0 0 0};
    %vpi_call/w 3 39 "$dumpvars", 32'sb00000000000000000000000000000000 {0 0 0};
    %end;
    .thread T_15;
    .scope S_0x55b64abb3910;
T_16 ;
    %pushi/vec4 0, 0, 64;
    %store/vec4 v0x55b64ac33940_0, 0, 64;
    %pushi/vec4 0, 0, 64;
    %store/vec4 v0x55b64ac33860_0, 0, 64;
    %pushi/vec4 0, 0, 64;
    %store/vec4 v0x55b64ac33a00_0, 0, 64;
    %end;
    .thread T_16;
    .scope S_0x55b64abb3910;
T_17 ;
    %pushi/vec4 0, 0, 1;
    %store/vec4 v0x55b64ac34830_0, 0, 1;
    %wait E_0x55b64ab33040;
    %pushi/vec4 1, 0, 1;
    %store/vec4 v0x55b64ac34830_0, 0, 1;
    %wait E_0x55b64ab33040;
    %alloc S_0x55b64ac32d10;
    %pushi/vec4 1, 0, 32;
    %store/vec4 v0x55b64ac335c0_0, 0, 32;
    %pushi/vec4 5, 0, 32;
    %store/vec4 v0x55b64ac336c0_0, 0, 32;
    %fork TD_tb_axi_fifo.push_words, S_0x55b64ac32d10;
    %join;
    %free S_0x55b64ac32d10;
    %alloc S_0x55b64ac326a0;
    %pushi/vec4 1, 0, 32;
    %store/vec4 v0x55b64ac32b30_0, 0, 32;
    %pushi/vec4 5, 0, 32;
    %store/vec4 v0x55b64ac32c30_0, 0, 32;
    %fork TD_tb_axi_fifo.pop_and_check, S_0x55b64ac326a0;
    %join;
    %free S_0x55b64ac326a0;
    %alloc S_0x55b64ac32d10;
    %pushi/vec4 2, 0, 32;
    %store/vec4 v0x55b64ac335c0_0, 0, 32;
    %pushi/vec4 4, 0, 32;
    %store/vec4 v0x55b64ac336c0_0, 0, 32;
    %fork TD_tb_axi_fifo.push_words, S_0x55b64ac32d10;
    %join;
    %free S_0x55b64ac32d10;
    %alloc S_0x55b64ac326a0;
    %pushi/vec4 2, 0, 32;
    %store/vec4 v0x55b64ac32b30_0, 0, 32;
    %pushi/vec4 4, 0, 32;
    %store/vec4 v0x55b64ac32c30_0, 0, 32;
    %fork TD_tb_axi_fifo.pop_and_check, S_0x55b64ac326a0;
    %join;
    %free S_0x55b64ac326a0;
    %alloc S_0x55b64ac32d10;
    %pushi/vec4 3, 0, 32;
    %store/vec4 v0x55b64ac335c0_0, 0, 32;
    %pushi/vec4 8, 0, 32;
    %store/vec4 v0x55b64ac336c0_0, 0, 32;
    %fork TD_tb_axi_fifo.push_words, S_0x55b64ac32d10;
    %join;
    %free S_0x55b64ac32d10;
    %alloc S_0x55b64ac326a0;
    %pushi/vec4 3, 0, 32;
    %store/vec4 v0x55b64ac32b30_0, 0, 32;
    %pushi/vec4 8, 0, 32;
    %store/vec4 v0x55b64ac32c30_0, 0, 32;
    %fork TD_tb_axi_fifo.pop_and_check, S_0x55b64ac326a0;
    %join;
    %free S_0x55b64ac326a0;
    %alloc S_0x55b64ac32d10;
    %pushi/vec4 1, 0, 32;
    %store/vec4 v0x55b64ac335c0_0, 0, 32;
    %pushi/vec4 3, 0, 32;
    %store/vec4 v0x55b64ac336c0_0, 0, 32;
    %fork TD_tb_axi_fifo.push_words, S_0x55b64ac32d10;
    %join;
    %free S_0x55b64ac32d10;
    %alloc S_0x55b64ac326a0;
    %pushi/vec4 1, 0, 32;
    %store/vec4 v0x55b64ac32b30_0, 0, 32;
    %pushi/vec4 2, 0, 32;
    %store/vec4 v0x55b64ac32c30_0, 0, 32;
    %fork TD_tb_axi_fifo.pop_and_check, S_0x55b64ac326a0;
    %join;
    %free S_0x55b64ac326a0;
    %alloc S_0x55b64ac32d10;
    %pushi/vec4 1, 0, 32;
    %store/vec4 v0x55b64ac335c0_0, 0, 32;
    %pushi/vec4 4, 0, 32;
    %store/vec4 v0x55b64ac336c0_0, 0, 32;
    %fork TD_tb_axi_fifo.push_words, S_0x55b64ac32d10;
    %join;
    %free S_0x55b64ac32d10;
    %alloc S_0x55b64ac326a0;
    %pushi/vec4 1, 0, 32;
    %store/vec4 v0x55b64ac32b30_0, 0, 32;
    %pushi/vec4 5, 0, 32;
    %store/vec4 v0x55b64ac32c30_0, 0, 32;
    %fork TD_tb_axi_fifo.pop_and_check, S_0x55b64ac326a0;
    %join;
    %free S_0x55b64ac326a0;
    %alloc S_0x55b64ac32d10;
    %pushi/vec4 2, 0, 32;
    %store/vec4 v0x55b64ac335c0_0, 0, 32;
    %pushi/vec4 4, 0, 32;
    %store/vec4 v0x55b64ac336c0_0, 0, 32;
    %fork TD_tb_axi_fifo.push_words, S_0x55b64ac32d10;
    %join;
    %free S_0x55b64ac32d10;
    %wait E_0x55b64ab6bbe0;
    %pushi/vec4 1, 0, 1;
    %store/vec4 v0x55b64ac349a0_0, 0, 1;
    %pushi/vec4 255, 0, 8;
    %store/vec4 v0x55b64ac33bf0_0, 0, 8;
    %wait E_0x55b64ab6bbe0;
    %pushi/vec4 0, 0, 1;
    %store/vec4 v0x55b64ac349a0_0, 0, 1;
    %load/vec4 v0x55b64ac34310_0;
    %nor/r;
    %flag_set/vec4 8;
    %jmp/0xz  T_17.0, 8;
    %jmp T_17.1;
T_17.0 ;
    %vpi_call/w 3 226 "$error", "FIFO2 allowed write when full" {0 0 0};
T_17.1 ;
    %alloc S_0x55b64ac326a0;
    %pushi/vec4 2, 0, 32;
    %store/vec4 v0x55b64ac32b30_0, 0, 32;
    %pushi/vec4 4, 0, 32;
    %store/vec4 v0x55b64ac32c30_0, 0, 32;
    %fork TD_tb_axi_fifo.pop_and_check, S_0x55b64ac326a0;
    %join;
    %free S_0x55b64ac326a0;
    %wait E_0x55b64ab6bbe0;
    %pushi/vec4 1, 0, 1;
    %store/vec4 v0x55b64ac34760_0, 0, 1;
    %wait E_0x55b64ab6bbe0;
    %pushi/vec4 0, 0, 1;
    %store/vec4 v0x55b64ac34760_0, 0, 1;
    %load/vec4 v0x55b64ac34ce0_0;
    %nor/r;
    %flag_set/vec4 8;
    %jmp/0xz  T_17.2, 8;
    %jmp T_17.3;
T_17.2 ;
    %vpi_call/w 3 234 "$error", "FIFO3 asserted valid when empty" {0 0 0};
T_17.3 ;
    %vpi_call/w 3 236 "$display", "All tests passed." {0 0 0};
    %vpi_call/w 3 237 "$finish" {0 0 0};
    %end;
    .thread T_17;
# The file index is used to find the file name in the following table.
:file_names 5;
    "N/A";
    "<interactive>";
    "-";
    "tb_axi_fifo.sv";
    "/home/asic/workspace/lab3/rtl/axi_fifo.sv";
